Last login: Tue Nov 24 19:43:07 on ttys000
Clares-MBP:~ clarec$ cd churc.github.io
-bash: cd: churc.github.io: No such file or directory
Clares-MBP:~ clarec$ cd churc.github.io
-bash: cd: churc.github.io: No such file or directory
Clares-MBP:~ clarec$ cd churc.github.io
-bash: cd: churc.github.io: No such file or directory
Clares-MBP:~ clarec$ cd Desktop
Clares-MBP:Desktop clarec$ cd churc.github.io
Clares-MBP:churc.github.io clarec$ python -m SimpleHTTPSever
/usr/bin/python: No module named SimpleHTTPSever
Clares-MBP:churc.github.io clarec$ python -m SimpleHTTPServer
Serving HTTP on 0.0.0.0 port 8000 ...
127.0.0.1 - - [24/Nov/2015 20:37:51] "GET / HTTP/1.1" 200 -
127.0.0.1 - - [24/Nov/2015 20:37:51] "GET /images/yearsAMItotalarea.png HTTP/1.1" 200 -
127.0.0.1 - - [24/Nov/2015 20:37:51] "GET /stylesheet.css HTTP/1.1" 200 -
^CTraceback (most recent call last):
  File "/System/Library/Frameworks/Python.framework/Versions/2.7/lib/python2.7/runpy.py", line 162, in _run_module_as_main
    "__main__", fname, loader, pkg_name)
  File "/System/Library/Frameworks/Python.framework/Versions/2.7/lib/python2.7/runpy.py", line 72, in _run_code
    exec code in run_globals
  File "/System/Library/Frameworks/Python.framework/Versions/2.7/lib/python2.7/SimpleHTTPServer.py", line 235, in <module>
    test()
  File "/System/Library/Frameworks/Python.framework/Versions/2.7/lib/python2.7/SimpleHTTPServer.py", line 231, in test
    BaseHTTPServer.test(HandlerClass, ServerClass)
  File "/System/Library/Frameworks/Python.framework/Versions/2.7/lib/python2.7/BaseHTTPServer.py", line 599, in test
    httpd.serve_forever()
  File "/System/Library/Frameworks/Python.framework/Versions/2.7/lib/python2.7/SocketServer.py", line 236, in serve_forever
    poll_interval)
  File "/System/Library/Frameworks/Python.framework/Versions/2.7/lib/python2.7/SocketServer.py", line 155, in _eintr_retry
    return func(*args)
KeyboardInterrupt
Clares-MBP:churc.github.io clarec$ git status
On branch master
Your branch is up-to-date with 'origin/master'.
Changes not staged for commit:
  (use "git add <file>..." to update what will be committed)
  (use "git checkout -- <file>..." to discard changes in working directory)

	modified:   index.html

Untracked files:
  (use "git add <file>..." to include in what will be committed)

	.DS_Store
	Images/
	stylesheet.css

no changes added to commit (use "git add" and/or "git commit -a")
Clares-MBP:churc.github.io clarec$ git add index.html
Clares-MBP:churc.github.io clarec$ git commit-m "add index file"
git: 'commit-m' is not a git command. See 'git --help'.

Did you mean this?
	commit-tree
Clares-MBP:churc.github.io clarec$ git push origin master
Everything up-to-date
Clares-MBP:churc.github.io clarec$ add index.html
-bash: add: command not found
Clares-MBP:churc.github.io clarec$ commit-m "add index file"
-bash: commit-m: command not found
Clares-MBP:churc.github.io clarec$ push origin master
-bash: push: command not found
Clares-MBP:churc.github.io clarec$ git add index file
fatal: pathspec 'index' did not match any files
Clares-MBP:churc.github.io clarec$ ls
Images		README.md	index.html	stylesheet.css
Clares-MBP:churc.github.io clarec$ git add -A
Clares-MBP:churc.github.io clarec$ git commit -m 'added stylesheet and new HTML'
[master cb5e350] added stylesheet and new HTML
 Committer: Clare Churchouse <clarec@Clares-MBP.wireless.newschool.edu>
Your name and email address were configured automatically based
on your username and hostname. Please check that they are accurate.
You can suppress this message by setting them explicitly. Run the
following command and follow the instructions in your editor to edit
your configuration file:

    git config --global --edit

After doing this, you may fix the identity used for this commit with:

    git commit --amend --reset-author

 5 files changed, 55 insertions(+), 1 deletion(-)
 create mode 100644 .DS_Store
 create mode 100644 Images/.DS_Store
 create mode 100644 Images/yearsAMItotalarea.png
 rewrite index.html (100%)
 create mode 100644 stylesheet.css
Clares-MBP:churc.github.io clarec$ git push origin master
Counting objects: 8, done.
Delta compression using up to 8 threads.
Compressing objects: 100% (8/8), done.
Writing objects: 100% (8/8), 13.43 KiB | 0 bytes/s, done.
Total 8 (delta 1), reused 0 (delta 0)
To https://github.com/churc/churc.github.io.git
   789fd7a..cb5e350  master -> master
Clares-MBP:churc.github.io clarec$ ls
Images		README.md	index.html	stylesheet.css
Clares-MBP:churc.github.io clarec$ cd Images
Clares-MBP:Images clarec$ ls
yearsAMItotalarea.png
Clares-MBP:Images clarec$ cd ..
Clares-MBP:churc.github.io clarec$ python -m SimpleHTTPServer 8000
Serving HTTP on 0.0.0.0 port 8000 ...
^CTraceback (most recent call last):
  File "/System/Library/Frameworks/Python.framework/Versions/2.7/lib/python2.7/runpy.py", line 162, in _run_module_as_main
    "__main__", fname, loader, pkg_name)
  File "/System/Library/Frameworks/Python.framework/Versions/2.7/lib/python2.7/runpy.py", line 72, in _run_code
    exec code in run_globals
  File "/System/Library/Frameworks/Python.framework/Versions/2.7/lib/python2.7/SimpleHTTPServer.py", line 235, in <module>
    test()
  File "/System/Library/Frameworks/Python.framework/Versions/2.7/lib/python2.7/SimpleHTTPServer.py", line 231, in test
    BaseHTTPServer.test(HandlerClass, ServerClass)
  File "/System/Library/Frameworks/Python.framework/Versions/2.7/lib/python2.7/BaseHTTPServer.py", line 599, in test
    httpd.serve_forever()
  File "/System/Library/Frameworks/Python.framework/Versions/2.7/lib/python2.7/SocketServer.py", line 236, in serve_forever
    poll_interval)
  File "/System/Library/Frameworks/Python.framework/Versions/2.7/lib/python2.7/SocketServer.py", line 155, in _eintr_retry
    return func(*args)
KeyboardInterrupt
Clares-MBP:churc.github.io clarec$ git add -A
Clares-MBP:churc.github.io clarec$ git commit -m 'fixed the link to image'
[master 576e4c4] fixed the link to image
 Committer: Clare Churchouse <clarec@Clares-MBP.wireless.newschool.edu>
Your name and email address were configured automatically based
on your username and hostname. Please check that they are accurate.
You can suppress this message by setting them explicitly. Run the
following command and follow the instructions in your editor to edit
your configuration file:

    git config --global --edit

After doing this, you may fix the identity used for this commit with:

    git commit --amend --reset-author

 1 file changed, 1 insertion(+), 1 deletion(-)
Clares-MBP:churc.github.io clarec$ git push
warning: push.default is unset; its implicit value has changed in
Git 2.0 from 'matching' to 'simple'. To squelch this message
and maintain the traditional behavior, use:

  git config --global push.default matching

To squelch this message and adopt the new behavior now, use:

  git config --global push.default simple

When push.default is set to 'matching', git will push local branches
to the remote branches that already exist with the same name.

Since Git 2.0, Git defaults to the more conservative 'simple'
behavior, which only pushes the current branch to the corresponding
remote branch that 'git pull' uses to update the current branch.

See 'git help config' and search for 'push.default' for further information.
(the 'simple' mode was introduced in Git 1.7.11. Use the similar mode
'current' instead of 'simple' if you sometimes use older versions of Git)

Counting objects: 3, done.
Delta compression using up to 8 threads.
Compressing objects: 100% (3/3), done.
Writing objects: 100% (3/3), 321 bytes | 0 bytes/s, done.
Total 3 (delta 2), reused 0 (delta 0)
To https://github.com/churc/churc.github.io.git
   cb5e350..576e4c4  master -> master
Clares-MBP:churc.github.io clarec$ 
Clares-MBP:churc.github.io clarec$ 
Clares-MBP:churc.github.io clarec$ 
Clares-MBP:churc.github.io clarec$ 
Clares-MBP:churc.github.io clarec$ cd Desktop
-bash: cd: Desktop: No such file or directory
Clares-MBP:churc.github.io clarec$ cd churc.github.io
-bash: cd: churc.github.io: No such file or directory
Clares-MBP:churc.github.io clarec$ git add –A  
fatal: pathspec '–A' did not match any files
Clares-MBP:churc.github.io clarec$ git commit -m "adding images'
> 
> cd Desktop
> cd churc.github.io
> python -m SimpleHTTPServer
> 
